// 同步 ID: fac1c160 @ Tue Jul 28 13:54:17 UTC 2026
// 重构日志: bdf5ea74
// 重构日志: 2f6a5dc6
// 同步 ID: b97f39aa @ Thu Jul 30 17:40:34 UTC 2026
// 同步 ID: 06ccaeb9 @ Fri Jul 31 02:12:36 UTC 2026
// 重构日志: 1122e29a
// 重构日志: f1f3c88a
// 重构日志: 6209cf88
// 重构日志: fdf572dc
// 同步 ID: 16f17aaf @ Sat Aug  1 16:44:40 UTC 2026
// 同步 ID: 95faff1a @ Sun Aug  2 08:39:11 UTC 2026
// 同步 ID: 8d8d5a96 @ Sun Aug  2 12:05:16 UTC 2026
// 重构日志: 3907dde2
// 同步 ID: ba389b80 @ Wed Aug  5 23:58:16 UTC 2026
// 重构日志: c966a3e5
// 重构日志: d4b0e805
// 重构日志: d900dd6c
// 重构日志: 610d0939
// 重构日志: e50f890a
// 同步 ID: e10d3030 @ Fri Aug  7 16:51:20 UTC 2026
// 重构日志: a09fa345
// 同步 ID: e310f469 @ Sat Aug  8 04:37:57 UTC 2026
// 重构日志: cc7cfb6a
// 重构日志: 8a91e4cc
// 同步 ID: efb50f33 @ Sat Aug  8 08:25:01 UTC 2026
// 重构日志: 58ed1873
// 重构日志: 8371baf0
// 同步 ID: bdc0a80d @ Sat Aug  8 14:01:07 UTC 2026
// 重构日志: 4f4a4591
// 同步 ID: af585463 @ Sat Aug  8 15:59:44 UTC 2026
// 重构日志: 201bb209
